// Jest Snapshot v1, https://goo.gl/fbAQLP

exports[`useCosmosStakingBalances returns active and non active staking opportunities when staking and validators data are loaded 1`] = `Array []`;

exports[`useCosmosStakingBalances returns active and non active staking opportunities when staking and validators data are loaded 2`] = `
Array [
  Object {
    "address": "cosmosvaloper199mlc7fr6ll5t54w7tts7f4s0cvnqgc59nmuxf",
    "apr": "0.1496681491",
    "assetId": "cosmos:cosmoshub-4/slip44:118",
    "chain": "cosmos",
    "commission": "0.100000000000000000",
    "moniker": "ShapeShift DAO",
    "tokenAddress": "118",
    "tokens": "111116",
    "tvl": "8.6170458",
  },
]
`;

exports[`useCosmosStakingBalances returns empty array for active opportunities and the shapeshift validator as a staking opportunity when staking data is empty and validators data are loaded 1`] = `Array []`;
